// Jest Snapshot v1, https://goo.gl/fbAQLP

exports[`My Book Shelf Should render correctly snapshot 1`] = `
<div>
  <div
    class="css-gh8r07"
  >
    <div
      class="css-bhtta9"
    >
      <div
        class="css-n736ek"
      >
        <img
          alt="Don't make me think"
          data-nimg="1"
          decoding="async"
          fetchpriority="high"
          height="170"
          src="/_next/image?url=https%3A%2F%2Fi.ibb.co%2FQbQgVtG%2Fbook1.png&w=256&q=75"
          srcset="/_next/image?url=https%3A%2F%2Fi.ibb.co%2FQbQgVtG%2Fbook1.png&w=128&q=75 1x, /_next/image?url=https%3A%2F%2Fi.ibb.co%2FQbQgVtG%2Fbook1.png&w=256&q=75 2x"
          style="color: transparent;"
          width="123"
        />
        <p
          class="chakra-text css-0"
        >
          Don't Make Me Think
        </p>
        <div
          class="css-k008qs"
        >
          <p
            class="chakra-text css-0"
          >
            Steve Krug
            ,
          </p>
          <p
            class="chakra-text css-0"
          >
            2000
          </p>
        </div>
        <div
          class="css-k008qs"
        >
          <p
            class="chakra-text css-0"
          >
            4.5
            /
          </p>
          <p
            class="chakra-text css-c5z1pm"
          >
            5
          </p>
        </div>
      </div>
      <div
        class="css-1b6n4o1"
      >
        <div
          class="css-0"
        >
          <p
            class="chakra-text css-1r2f04i"
          >
            Borrowed on
          </p>
          <p
            class="chakra-text css-0"
          >
            3 Sep 2024 9:07 PM
          </p>
        </div>
        <button
          class="chakra-button css-16ltlly"
          data-testid="return-book"
          type="button"
        >
          Return
        </button>
      </div>
    </div>
  </div>
</div>
`;
