// Jest Snapshot v1, https://goo.gl/fbAQLP

exports[`Contribute List Should render correctly snapshot 1`] = `
<div>
  <div
    class="css-1nhn4fa"
  >
    <a
      data-testid="click-back"
      href="#"
    >
      <svg
        class="chakra-icon css-1etxpkf"
        focusable="false"
        viewBox="0 0 24 24"
      >
        <path
          d="M20 11H7.83l5.59-5.59L12 4l-8 8 8 8 1.41-1.41L7.83 13H20v-2z"
          fill="currentColor"
        />
      </svg>
      <span
        class="chakra-text css-1mf4y6e"
      >
        Back
      </span>
    </a>
    <div
      class="css-idangh"
    >
      <div
        class="css-x4yk7m"
      >
        <p
          class="chakra-text css-1l4rx3f"
        >
          Title
        </p>
        <div
          class="css-bxl9jb"
        >
          <p
            class="chakra-text css-10rvbm3"
          >
            Ratings
          </p>
          <p
            class="chakra-text css-10rvbm3"
          >
            Category
          </p>
        </div>
      </div>
      <div
        class="css-1o9ca4y"
      >
        <div
          class="css-1xi27q6"
        >
          <div
            class="css-dk70ac"
          >
            <img
              alt="Don't Make Me Think"
              data-nimg="1"
              decoding="async"
              fetchpriority="high"
              height="100"
              src="/_next/image?url=https%3A%2F%2Fi.ibb.co%2FQbQgVtG%2Fbook1.png&w=256&q=75"
              srcset="/_next/image?url=https%3A%2F%2Fi.ibb.co%2FQbQgVtG%2Fbook1.png&w=96&q=75 1x, /_next/image?url=https%3A%2F%2Fi.ibb.co%2FQbQgVtG%2Fbook1.png&w=256&q=75 2x"
              style="color: transparent; border-radius: 5px; min-height: 100px;"
              width="75"
            />
            <div
              class="css-j7qwjs"
            >
              <p
                class="chakra-text css-m26pul"
                max-width="180"
                word-wrap="break-word"
              >
                Don't Make Me Think
              </p>
              <div
                class="css-1709kwd"
              >
                <p
                  class="chakra-text css-0"
                >
                  Steve Krug
                  ,
                </p>
                <p
                  class="chakra-text css-0"
                >
                  2000
                </p>
              </div>
              <p
                class="chakra-text css-0"
              >
                first
                 Edition
              </p>
            </div>
          </div>
          <div
            class="css-109g2ia"
          >
            <p
              class="chakra-text css-blrpya"
            >
              4.5
              <span
                class="chakra-text css-0"
              >
                /5
              </span>
            </p>
            <div
              class="css-16ol3ha"
            >
              <p
                class="chakra-text css-0"
              >
                SelfHelpBook
              </p>
              <p
                class="chakra-text css-0"
              >
                UX Design
              </p>
            </div>
          </div>
          <div
            class="css-1urk6qq"
          >
            <button
              class="chakra-button css-4xx2wk"
              data-testid="redirect-preview"
              type="button"
            >
              Preview
            </button>
            <button
              class="chakra-button css-4xx2wk"
              data-testid="delete-book"
              type="button"
            >
              Delete
            </button>
          </div>
        </div>
        <div
          class="css-1xi27q6"
        >
          <div
            class="css-dk70ac"
          >
            <img
              alt="Rich Dad Poor Dad"
              data-nimg="1"
              decoding="async"
              fetchpriority="high"
              height="100"
              src="/_next/image?url=https%3A%2F%2Fi.ibb.co%2F9qHTtQF%2Fbook2.png&w=256&q=75"
              srcset="/_next/image?url=https%3A%2F%2Fi.ibb.co%2F9qHTtQF%2Fbook2.png&w=96&q=75 1x, /_next/image?url=https%3A%2F%2Fi.ibb.co%2F9qHTtQF%2Fbook2.png&w=256&q=75 2x"
              style="color: transparent; border-radius: 5px; min-height: 100px;"
              width="75"
            />
            <div
              class="css-j7qwjs"
            >
              <p
                class="chakra-text css-m26pul"
                max-width="180"
                word-wrap="break-word"
              >
                Rich Dad Poor Dad
              </p>
              <div
                class="css-1709kwd"
              >
                <p
                  class="chakra-text css-0"
                >
                  Robert T. Kiyosaki
                  ,
                </p>
                <p
                  class="chakra-text css-0"
                >
                  1997
                </p>
              </div>
              <p
                class="chakra-text css-0"
              >
                second
                 Edition
              </p>
            </div>
          </div>
          <div
            class="css-109g2ia"
          >
            <p
              class="chakra-text css-blrpya"
            >
              4.5
              <span
                class="chakra-text css-0"
              >
                /5
              </span>
            </p>
            <div
              class="css-16ol3ha"
            >
              <p
                class="chakra-text css-0"
              >
                SelfHelpBook
              </p>
              <p
                class="chakra-text css-0"
              >
                UX Design
              </p>
            </div>
          </div>
          <div
            class="css-1urk6qq"
          >
            <button
              class="chakra-button css-4xx2wk"
              data-testid="redirect-preview"
              type="button"
            >
              Preview
            </button>
            <button
              class="chakra-button css-4xx2wk"
              data-testid="delete-book"
              type="button"
            >
              Delete
            </button>
          </div>
        </div>
        <div
          class="css-1xi27q6"
        >
          <div
            class="css-dk70ac"
          >
            <img
              alt="The Design of Everyday Things"
              data-nimg="1"
              decoding="async"
              fetchpriority="high"
              height="100"
              src="/_next/image?url=https%3A%2F%2Fi.ibb.co%2FLnSBcCM%2Fbook5.png&w=256&q=75"
              srcset="/_next/image?url=https%3A%2F%2Fi.ibb.co%2FLnSBcCM%2Fbook5.png&w=96&q=75 1x, /_next/image?url=https%3A%2F%2Fi.ibb.co%2FLnSBcCM%2Fbook5.png&w=256&q=75 2x"
              style="color: transparent; border-radius: 5px; min-height: 100px;"
              width="75"
            />
            <div
              class="css-j7qwjs"
            >
              <p
                class="chakra-text css-m26pul"
                max-width="180"
                word-wrap="break-word"
              >
                The Design of Everyday Things
              </p>
              <div
                class="css-1709kwd"
              >
                <p
                  class="chakra-text css-0"
                >
                  Don Norman
                  ,
                </p>
                <p
                  class="chakra-text css-0"
                >
                  1988
                </p>
              </div>
              <p
                class="chakra-text css-0"
              >
                fourth
                 Edition
              </p>
            </div>
          </div>
          <div
            class="css-109g2ia"
          >
            <p
              class="chakra-text css-blrpya"
            >
              4.5
              <span
                class="chakra-text css-0"
              >
                /5
              </span>
            </p>
            <div
              class="css-16ol3ha"
            >
              <p
                class="chakra-text css-0"
              >
                TextBook
              </p>
              <p
                class="chakra-text css-0"
              >
                UX Design
              </p>
            </div>
          </div>
          <div
            class="css-1urk6qq"
          >
            <button
              class="chakra-button css-4xx2wk"
              data-testid="redirect-preview"
              type="button"
            >
              Preview
            </button>
            <button
              class="chakra-button css-4xx2wk"
              data-testid="delete-book"
              type="button"
            >
              Delete
            </button>
          </div>
        </div>
      </div>
    </div>
  </div>
</div>
`;
